SQL> select * from dependent;

ESSN      DEPENDENT_NAME  S BDATE     RELATION                                  
--------- --------------- - --------- --------                                  
888665151 Mary Alice      F 10-NOV-24 Spouse                                    
444444400 Kathy           F 09-OCT-44 Spouse                                    
999887777 John Smith      M 19-JUL-56 Spouse                                    
987987987 Khadeja Begum   F 29-MAR-49 Spouse                                    
987987987 Jalil Ahmad     M 29-MAR-29 Children                                  
222222200 Jay Wallis      M 16-JAN-56 Spouse                                    
222222202 Mindy Vile      F 21-JUN-42 Spouse                                    
222222202 Amenda Vile     F 21-JUN-14 Children                                  
222222204 Amy Vos         F 11-NOV-63 Spouse                                    
222222204 james Vos       M 11-NOV-37 Children                                  
444444401 William Bayes   M 19-JUN-54 Spouse                                    

ESSN      DEPENDENT_NAME  S BDATE     RELATION                                  
--------- --------------- - --------- --------                                  
444444401 Amy Bayes       F 18-JUN-26 Children                                  
444444401 Tom Bayes       M 20-JUN-26 Children                                  
666666601 Mary Jarvice    F 14-JAN-64 Spouse                                    
666666602 Bond King       M 16-APR-64 Spouse                                    
666666604 Monia King      F 01-JAN-55 Spouse                                    
666666605 Aly Kramer      F 22-AUG-61 Spouse                                    
666666606 Chistina King   F 16-AUG-48 Spouse                                    
666666607 Alex Small      F 15-MAY-60 Spouse                                    
666666608 Katherin Head   F 19-MAY-64 Spouse                                    
666666608 Monica Head     F 19-MAY-37 Children                                  
666666608 Rachel Head     M 18-MAY-37 Children                                  

22 rows selected.

SQL> spool off
